[INFO] Scanning for projects...
[INFO] 
[INFO] --------------------< com.nutriguide:nutriguide-ai >--------------------
[INFO] Building NutriGuide AI 1.0.0
[INFO]   from pom.xml
[INFO] --------------------------------[ jar ]---------------------------------
[INFO] 
[INFO] >>> spring-boot:3.3.0:run (default-cli) > test-compile @ nutriguide-ai >>>
[INFO] 
[INFO] --- resources:3.3.1:resources (default-resources) @ nutriguide-ai ---
[INFO] Copying 1 resource from src\main\resources to target\classes
[INFO] Copying 0 resource from src\main\resources to target\classes
[INFO] 
[INFO] --- compiler:3.13.0:compile (default-compile) @ nutriguide-ai ---
[INFO] Recompiling the module because of changed source code.
[INFO] Compiling 177 source files with javac [debug parameters release 21] to target\classes
WARNING: A terminally deprecated method in sun.misc.Unsafe has been called
WARNING: sun.misc.Unsafe::objectFieldOffset has been called by lombok.permit.Permit
WARNING: Please consider reporting this to the maintainers of class lombok.permit.Permit
WARNING: sun.misc.Unsafe::objectFieldOffset will be removed in a future release
[WARNING] /C:/java-workspace/NutriGuide-AI/backend/src/main/java/com/nutriguideai/dto/request/HealthProfileRequest.java:[27,26] @Builder will ignore the initializing expression entirely. If you want the initializing expression to serve as default, add @Builder.Default. If it is not supposed to be settable during building, make the field final.
[INFO] 
[INFO] --- resources:3.3.1:testResources (default-testResources) @ nutriguide-ai ---
[INFO] skip non existing resourceDirectory C:\java-workspace\NutriGuide-AI\backend\src\test\resources
[INFO] 
[INFO] --- compiler:3.13.0:testCompile (default-testCompile) @ nutriguide-ai ---
[INFO] Recompiling the module because of changed dependency.
[INFO] Compiling 13 source files with javac [debug parameters release 21] to target\test-classes
[INFO] 
[INFO] <<< spring-boot:3.3.0:run (default-cli) < test-compile @ nutriguide-ai <<<
[INFO] 
[INFO] 
[INFO] --- spring-boot:3.3.0:run (default-cli) @ nutriguide-ai ---
[INFO] Attaching agents: []
  .   ____          _            __ _ _
 /\\ / ___'_ __ _ _(_)_ __  __ _ \ \ \ \
( ( )\___ | '_ | '_| | '_ \/ _` | \ \ \ \
 \\/  ___)| |_)| | | | | || (_| |  ) ) ) )
  '  |____| .__|_| |_|_| |_\__, | / / / /
 =========|_|==============|___/=/_/_/_/

 :: Spring Boot ::                (v3.3.0)

2026-08-22T13:18:27.223+05:30  INFO 33628 --- [NutirGuideAI] [           main] c.nutriguideai.NuriGuideAiApplication    : Starting NuriGuideAiApplication using Java 25.0.2 with PID 33628 (C:\java-workspace\NutriGuide-AI\backend\target\classes started by yamin in C:\java-workspace\NutriGuide-AI\backend)
2026-08-22T13:18:27.225+05:30  INFO 33628 --- [NutirGuideAI] [           main] c.nutriguideai.NuriGuideAiApplication    : No active profile set, falling back to 1 default profile: "default"
2026-08-22T13:18:27.919+05:30  INFO 33628 --- [NutirGuideAI] [           main] .s.d.r.c.RepositoryConfigurationDelegate : Bootstrapping Spring Data JPA repositories in DEFAULT mode.
2026-08-22T13:18:27.995+05:30  INFO 33628 --- [NutirGuideAI] [           main] .s.d.r.c.RepositoryConfigurationDelegate : Finished Spring Data repository scanning in 70 ms. Found 17 JPA repository interfaces.
WARNING: A restricted method in java.lang.System has been called
WARNING: java.lang.System::load has been called by org.apache.tomcat.jni.Library in an unnamed module (file:/C:/Users/yamin/.m2/repository/org/apache/tomcat/embed/tomcat-embed-core/10.1.24/tomcat-embed-core-10.1.24.jar)
WARNING: Use --enable-native-access=ALL-UNNAMED to avoid a warning for callers in this module
WARNING: Restricted methods will be blocked in a future release unless native access is enabled

2026-08-22T13:18:28.482+05:30  INFO 33628 --- [NutirGuideAI] [           main] o.s.b.w.embedded.tomcat.TomcatWebServer  : Tomcat initialized with port 8080 (http)
2026-08-22T13:18:28.492+05:30  INFO 33628 --- [NutirGuideAI] [           main] o.apache.catalina.core.StandardService   : Starting service [Tomcat]
2026-08-22T13:18:28.492+05:30  INFO 33628 --- [NutirGuideAI] [           main] o.apache.catalina.core.StandardEngine    : Starting Servlet engine: [Apache Tomcat/10.1.24]
2026-08-22T13:18:28.545+05:30  INFO 33628 --- [NutirGuideAI] [           main] o.a.c.c.C.[Tomcat].[localhost].[/]       : Initializing Spring embedded WebApplicationContext
2026-08-22T13:18:28.546+05:30  INFO 33628 --- [NutirGuideAI] [           main] w.s.c.ServletWebServerApplicationContext : Root WebApplicationContext: initialization completed in 1284 ms
2026-08-22T13:18:28.658+05:30  INFO 33628 --- [NutirGuideAI] [           main] o.hibernate.jpa.internal.util.LogHelper  : HHH000204: Processing PersistenceUnitInfo [name: default]
2026-08-22T13:18:28.734+05:30  INFO 33628 --- [NutirGuideAI] [           main] org.hibernate.Version                    : HHH000412: Hibernate ORM core version 6.5.2.Final
2026-08-22T13:18:28.768+05:30  INFO 33628 --- [NutirGuideAI] [           main] o.h.c.internal.RegionFactoryInitiator    : HHH000026: Second-level cache disabled
2026-08-22T13:18:29.038+05:30  INFO 33628 --- [NutirGuideAI] [           main] o.s.o.j.p.SpringPersistenceUnitInfo      : No LoadTimeWeaver setup: ignoring JPA class transformer
2026-08-22T13:18:29.062+05:30  INFO 33628 --- [NutirGuideAI] [           main] com.zaxxer.hikari.HikariDataSource       : HikariPool-1 - Starting...
2026-08-22T13:18:29.408+05:30  INFO 33628 --- [NutirGuideAI] [           main] com.zaxxer.hikari.pool.HikariPool        : HikariPool-1 - Added connection com.mysql.cj.jdbc.ConnectionImpl@35554635
2026-08-22T13:18:29.410+05:30  INFO 33628 --- [NutirGuideAI] [           main] com.zaxxer.hikari.HikariDataSource       : HikariPool-1 - Start completed.
2026-08-22T13:18:30.834+05:30  INFO 33628 --- [NutirGuideAI] [           main] o.h.e.t.j.p.i.JtaPlatformInitiator       : HHH000489: No JTA platform available (set 'hibernate.transaction.jta.platform' to enable JTA platform integration)
Hibernate: alter table food_preferences modify column allergies TEXT
Hibernate: alter table food_preferences modify column budget_level enum ('HIGH','LOW','MEDIUM') not null
Hibernate: alter table food_preferences modify column diet_type enum ('EGGETARIAN','FLEXITARIAN','NON_VEGETARIAN','VEGAN','VEGETARIAN') not null
Hibernate: alter table food_preferences modify column excluded_foods TEXT
Hibernate: alter table foods modify column category enum ('BEVERAGE','DAIRY','FRUIT','GRAIN','LEGUME','MEAT','NUTS_SEEDS','OIL','OTHER','PROTEIN','SNACK','SPICE','VEGETABLE') not null
Hibernate: alter table foods modify column region enum ('CENTRAL_INDIAN','COMMON','EAST_INDIAN','NORTH_INDIAN','SOUTH_INDIAN','WEST_INDIAN') not null
Hibernate: alter table goals modify column goal_type enum ('HEALTHY_LIFESTYLE','MAINTENANCE','MUSCLE_GAIN','WEIGHT_GAIN','WEIGHT_LOSS') not null
Hibernate: alter table health_profiles modify column activity_level enum ('EXTREMELY_ACTIVE','LIGHTLY_ACTIVE','MODERATELY_ACTIVE','SEDENTARY','VERY_ACTIVE') not null
Hibernate: alter table health_profiles modify column gender enum ('FEMALE','MALE','OTHER') not null
Hibernate: alter table meal_plans modify column plan_text TEXT
Hibernate: alter table user_conditions modify column medical_condition enum ('ANEMIA','DIABETES','FATTY_LIVER','HIGH_CHOLESTEROL','HYPERTENSION','KIDNEY_DISEASE','NONE','PCOD','THYROID') not null
Hibernate: alter table user_conditions modify column severity enum ('MILD','MODERATE','SEVERE')
Hibernate: alter table user_goals modify column activity_level enum ('ACTIVE','LIGHT','MODERATE','SEDENTARY','VERY_ACTIVE') not null
Hibernate: alter table user_goals modify column primary_goal enum ('HEALTHY_LIFESTYLE','MAINTENANCE','MUSCLE_GAIN','WEIGHT_GAIN','WEIGHT_LOSS') not null
Hibernate: alter table users modify column activity_level enum ('ACTIVE','LIGHT','MODERATE','SEDENTARY','VERY_ACTIVE') not null
Hibernate: alter table users modify column gender enum ('FEMALE','MALE','OTHER') not null
Hibernate: alter table users modify column goal enum ('GAIN_WEIGHT','LOSE_WEIGHT','MAINTAIN_WEIGHT') not null
Hibernate: alter table users modify column role enum ('ADMIN','USER') not null
2026-08-22T13:18:31.347+05:30  INFO 33628 --- [NutirGuideAI] [           main] j.LocalContainerEntityManagerFactoryBean : Initialized JPA EntityManagerFactory for persistence unit 'default'
2026-08-22T13:18:32.245+05:30  INFO 33628 --- [NutirGuideAI] [           main] r$InitializeUserDetailsManagerConfigurer : Global AuthenticationManager configured with UserDetailsService bean with name userDetailsService
2026-08-22T13:18:32.510+05:30  INFO 33628 --- [NutirGuideAI] [           main] o.s.s.web.DefaultSecurityFilterChain     : Will secure any request with [org.springframework.security.web.session.DisableEncodeUrlFilter@5ea9f2f3, org.springframework.security.web.context.request.async.WebAsyncManagerIntegrationFilter@72e5f018, org.springframework.security.web.context.SecurityContextHolderFilter@19cee7ed, org.springframework.security.web.header.HeaderWriterFilter@4addfb95, org.springframework.web.filter.CorsFilter@74ee8f57, org.springframework.security.web.authentication.logout.LogoutFilter@34f876c, com.nutriguideai.security.JwtAuthenticationFilter@dcf64d2, org.springframework.security.web.savedrequest.RequestCacheAwareFilter@5a2ce458, org.springframework.security.web.servletapi.SecurityContextHolderAwareRequestFilter@40fd9358, org.springframework.security.web.authentication.AnonymousAuthenticationFilter@10522dfd, org.springframework.security.web.session.SessionManagementFilter@35cc5b75, org.springframework.security.web.access.ExceptionTranslationFilter@55c75b72, org.springframework.security.web.access.intercept.AuthorizationFilter@7aead157]
2026-08-22T13:18:32.846+05:30  INFO 33628 --- [NutirGuideAI] [           main] o.s.d.j.r.query.QueryEnhancerFactory     : Hibernate is in classpath; If applicable, HQL parser will be used.
2026-08-22T13:18:33.222+05:30  WARN 33628 --- [NutirGuideAI] [           main] ConfigServletWebServerApplicationContext : Exception encountered during context initialization - cancelling refresh attempt: org.springframework.context.ApplicationContextException: Failed to start bean 'webServerStartStop'
2026-08-22T13:18:33.226+05:30  INFO 33628 --- [NutirGuideAI] [           main] j.LocalContainerEntityManagerFactoryBean : Closing JPA EntityManagerFactory for persistence unit 'default'
2026-08-22T13:18:33.228+05:30  INFO 33628 --- [NutirGuideAI] [           main] com.zaxxer.hikari.HikariDataSource       : HikariPool-1 - Shutdown initiated...
2026-08-22T13:18:33.236+05:30  INFO 33628 --- [NutirGuideAI] [           main] com.zaxxer.hikari.HikariDataSource       : HikariPool-1 - Shutdown completed.
2026-08-22T13:18:33.246+05:30  INFO 33628 --- [NutirGuideAI] [           main] .s.b.a.l.ConditionEvaluationReportLogger : 

Error starting ApplicationContext. To display the condition evaluation report re-run your application with 'debug' enabled.
2026-08-22T13:18:33.260+05:30 ERROR 33628 --- [NutirGuideAI] [           main] o.s.b.d.LoggingFailureAnalysisReporter   : 

***************************
APPLICATION FAILED TO START
***************************

Description:

Web server failed to start. Port 8080 was already in use.

Action:

Identify and stop the process that's listening on port 8080 or configure this application to listen on another port.

[INFO] ------------------------------------------------------------------------
[INFO] BUILD FAILURE
[INFO] ------------------------------------------------------------------------
[INFO] Total time:  20.100 s
[INFO] Finished at: 2026-08-22T13:18:33+05:30
[INFO] ------------------------------------------------------------------------
[ERROR] Failed to execute goal org.springframework.boot:spring-boot-maven-plugin:3.3.0:run (default-cli) on project nutriguide-ai: Process terminated with exit code: 1 -> [Help 1]
[ERROR] 
[ERROR] To see the full stack trace of the errors, re-run Maven with the -e switch.
[ERROR] Re-run Maven using the -X switch to enable full debug logging.
[ERROR] 
[ERROR] For more information about the errors and possible solutions, please read the following articles:
[ERROR] [Help 1] http://cwiki.apache.org/confluence/display/MAVEN/MojoExecutionException
